// Jest Snapshot v1, https://goo.gl/fbAQLP

exports[`PermissionsPane renders 1`] = `
<DocumentFragment>
  <div
    class="d-flex flex-column mx-auto mt-4 pb-2 max-550 text-center h-100 justify-content-center"
  >
    <p
      class="font-weight-bold"
    >
      PixieBrix cannot connect to test.url. Try reloading the Tab.
    </p>
    <p
      class="text-muted"
    >
      If PixieBrix is managed by your Enterprise, contact your IT Administrator to ensure this URL is allowed by your organization's Chrome Extension Policy.
    </p>
  </div>
</DocumentFragment>
`;
