// Jest Snapshot v1, https://goo.gl/fbAQLP

exports[`Navbar renders 1`] = `
<DocumentFragment>
  <nav
    class="navbar default-layout-navbar col-lg-12 col-12 p-0 fixed-top d-flex flex-row"
  >
    <div
      class="collapsedWrapper navbar-brand-wrapper"
    >
      <a
        class="navbar-brand brand-logo"
        href="/"
      >
        <img
          alt="PixieBrix logo"
          src="test-file-stub"
        />
      </a>
      <a
        class="navbar-brand brand-logo-mini"
        href="/"
      >
        <img
          alt="PixieBrix mini logo"
          src="test-file-stub"
        />
      </a>
    </div>
    <div
      class="expandedWrapper navbar-menu-wrapper"
    >
      <button
        class="navbar-toggler align-self-center"
        type="button"
      >
        <svg
          aria-hidden="true"
          class="svg-inline--fa fa-bars fa-w-14 "
          data-icon="bars"
          data-prefix="fas"
          focusable="false"
          role="img"
          viewBox="0 0 448 512"
          xmlns="http://www.w3.org/2000/svg"
        >
          <path
            d="M16 132h416c8.837 0 16-7.163 16-16V76c0-8.837-7.163-16-16-16H16C7.163 60 0 67.163 0 76v40c0 8.837 7.163 16 16 16zm0 160h416c8.837 0 16-7.163 16-16v-40c0-8.837-7.163-16-16-16H16c-8.837 0-16 7.163-16 16v40c0 8.837 7.163 16 16 16zm0 160h416c8.837 0 16-7.163 16-16v-40c0-8.837-7.163-16-16-16H16c-8.837 0-16 7.163-16 16v40c0 8.837 7.163 16 16 16z"
            fill="currentColor"
          />
        </svg>
      </button>
      <div
        class="extensionConsoleHeading d-none d-md-inline"
      >
        Extension Console
      </div>
      <ul
        class="navbar-nav navbar-nav-right"
      />
    </div>
  </nav>
</DocumentFragment>
`;
