// Jest Snapshot v1, https://goo.gl/fbAQLP

exports[`Navbar renders 1`] = `
<DocumentFragment>
  <nav
    class="navbar default-layout-navbar col-lg-12 col-12 p-0 fixed-top d-flex flex-row"
  >
    <div
      class="collapsedWrapper navbar-brand-wrapper"
    >
      <a
        class="navbar-brand brand-logo"
        href="/"
      >
        <img
          alt="PixieBrix logo"
          src="test-file-stub"
        />
      </a>
      <a
        class="navbar-brand brand-logo-mini"
        href="/"
      >
        <img
          alt="PixieBrix mini logo"
          src="test-file-stub"
        />
      </a>
      <button
        class="navbar-toggler collapsedSidebarToggler"
        type="button"
      >
        <svg
          aria-hidden="true"
          class="svg-inline--fa fa-bars fa-w-14 "
          data-icon="bars"
          data-prefix="fas"
          focusable="false"
          role="img"
          viewBox="0 0 448 512"
          xmlns="http://www.w3.org/2000/svg"
        >
          <path
            d="M16 132h416c8.837 0 16-7.163 16-16V76c0-8.837-7.163-16-16-16H16C7.163 60 0 67.163 0 76v40c0 8.837 7.163 16 16 16zm0 160h416c8.837 0 16-7.163 16-16v-40c0-8.837-7.163-16-16-16H16c-8.837 0-16 7.163-16 16v40c0 8.837 7.163 16 16 16zm0 160h416c8.837 0 16-7.163 16-16v-40c0-8.837-7.163-16-16-16H16c-8.837 0-16 7.163-16 16v40c0 8.837 7.163 16 16 16z"
            fill="currentColor"
          />
        </svg>
      </button>
    </div>
    <div
      class="expandedWrapper navbar-menu-wrapper"
    >
      <button
        class="navbar-toggler align-self-center"
        type="button"
      >
        <svg
          aria-hidden="true"
          class="svg-inline--fa fa-bars fa-w-14 "
          data-icon="bars"
          data-prefix="fas"
          focusable="false"
          role="img"
          viewBox="0 0 448 512"
          xmlns="http://www.w3.org/2000/svg"
        >
          <path
            d="M16 132h416c8.837 0 16-7.163 16-16V76c0-8.837-7.163-16-16-16H16C7.163 60 0 67.163 0 76v40c0 8.837 7.163 16 16 16zm0 160h416c8.837 0 16-7.163 16-16v-40c0-8.837-7.163-16-16-16H16c-8.837 0-16 7.163-16 16v40c0 8.837 7.163 16 16 16zm0 160h416c8.837 0 16-7.163 16-16v-40c0-8.837-7.163-16-16-16H16c-8.837 0-16 7.163-16 16v40c0 8.837 7.163 16 16 16z"
            fill="currentColor"
          />
        </svg>
      </button>
      <div
        class="extensionConsoleHeading d-none d-md-inline"
      >
        Extension Console
      </div>
      <ul
        class="navbar-nav navbar-nav-right flex-grow-1 justify-content-end"
      >
        <a
          class="px-3 nav-link"
          href="https://app.pixiebrix.com"
          target="_blank"
        >
          <svg
            aria-hidden="true"
            class="svg-inline--fa fa-external-link-alt fa-w-16 mr-1"
            data-icon="external-link-alt"
            data-prefix="fas"
            focusable="false"
            role="img"
            viewBox="0 0 512 512"
            xmlns="http://www.w3.org/2000/svg"
          >
            <path
              d="M432,320H400a16,16,0,0,0-16,16V448H64V128H208a16,16,0,0,0,16-16V80a16,16,0,0,0-16-16H48A48,48,0,0,0,0,112V464a48,48,0,0,0,48,48H400a48,48,0,0,0,48-48V336A16,16,0,0,0,432,320ZM488,0h-128c-21.37,0-32.05,25.91-17,41l35.73,35.73L135,320.37a24,24,0,0,0,0,34L157.67,377a24,24,0,0,0,34,0L435.28,133.32,471,169c15,15,41,4.5,41-17V24A24,24,0,0,0,488,0Z"
              fill="currentColor"
            />
          </svg>
          Open Admin Console
        </a>
      </ul>
    </div>
  </nav>
</DocumentFragment>
`;
