// Jest Snapshot v1, https://goo.gl/fbAQLP

exports[`DataPanel it renders with form state and trace 1`] = `
<DocumentFragment>
  <form
    action="#"
  >
    <div
      class="tabContainer"
    >
      <div
        class="nav nav-tabs"
        role="tablist"
      >
        <div
          class="tabNav nav-item"
        >
          <a
            aria-selected="true"
            class="nav-link active"
            data-rb-event-key="context"
            href="#"
            role="tab"
          >
            Context
          </a>
        </div>
        <div
          class="tabNav nav-item"
        >
          <a
            aria-selected="false"
            class="nav-link"
            data-rb-event-key="rendered"
            href="#"
            role="tab"
          >
            Rendered
          </a>
        </div>
        <div
          class="tabNav nav-item"
        >
          <a
            aria-selected="false"
            class="nav-link"
            data-rb-event-key="output"
            href="#"
            role="tab"
          >
            Output
          </a>
        </div>
        <div
          class="tabNav nav-item"
        >
          <a
            aria-selected="false"
            class="nav-link"
            data-rb-event-key="preview"
            href="#"
            role="tab"
          >
            Preview
          </a>
        </div>
      </div>
      <div
        class="tabContent tab-content"
      >
        <div
          aria-hidden="false"
          class="fade tabPane tab-pane active show"
          role="tabpanel"
        >
          <div
            class="root"
          >
            <div
              class="formGroup form-group row"
            >
              <label
                class="label form-label col-form-label col-lg-auto"
                for="traceSearch"
              >
                Search
              </label>
              <div
                class="col-lg"
              >
                <input
                  class="form-control"
                  id="traceSearch"
                  name="traceSearch"
                  placeholder="Search for a property or value"
                  value=""
                />
              </div>
            </div>
            <ul
              style="border: 0px; padding: 0px; margin: 0.5em 0px 0.5em 0.125em; list-style: none; background-color: rgb(253, 255, 255);"
            >
              <li
                style="padding: 0px; margin: 0px;"
              >
                <ul
                  style="padding: 0px; margin: 0px; list-style: none;"
                >
                  <li
                    style="padding-top: 0.25em; padding-right: 0px; margin-left: 0.875em; word-wrap: break-word; padding-left: 1.25em; text-indent: -0.5em; word-break: break-all; white-space: pre-wrap;"
                  >
                    <label
                      style="display: inline-block; color: rgb(66, 122, 245); margin: 0px 0.5em 0px 0px;"
                    >
                      <div>
                        <span>
                          foo
                        </span>
                        : 
                        <a
                          aria-label="copy path"
                          class="copyPath p-0 btn btn-text"
                          href="#"
                          role="button"
                        >
                          <svg
                            aria-hidden="true"
                            class="svg-inline--fa fa-copy fa-w-14 "
                            data-icon="copy"
                            data-prefix="fas"
                            focusable="false"
                            role="img"
                            viewBox="0 0 448 512"
                            xmlns="http://www.w3.org/2000/svg"
                          >
                            <path
                              d="M320 448v40c0 13.255-10.745 24-24 24H24c-13.255 0-24-10.745-24-24V120c0-13.255 10.745-24 24-24h72v296c0 30.879 25.121 56 56 56h168zm0-344V0H152c-13.255 0-24 10.745-24 24v368c0 13.255 10.745 24 24 24h272c13.255 0 24-10.745 24-24V128H344c-13.2 0-24-10.8-24-24zm120.971-31.029L375.029 7.029A24 24 0 0 0 358.059 0H352v96h96v-6.059a24 24 0 0 0-7.029-16.97z"
                              fill="currentColor"
                            />
                          </svg>
                        </a>
                      </div>
                    </label>
                    <span
                      style="color: rgb(64, 175, 108);"
                    >
                      "bar number 0"
                    </span>
                  </li>
                  <li
                    style="padding-top: 0.25em; padding-right: 0px; margin-left: 0.875em; word-wrap: break-word; padding-left: 1.25em; text-indent: -0.5em; word-break: break-all; white-space: pre-wrap;"
                  >
                    <label
                      style="display: inline-block; color: rgb(66, 122, 245); margin: 0px 0.5em 0px 0px;"
                    >
                      <div>
                        <span>
                          baz
                        </span>
                        : 
                        <a
                          aria-label="copy path"
                          class="copyPath p-0 btn btn-text"
                          href="#"
                          role="button"
                        >
                          <svg
                            aria-hidden="true"
                            class="svg-inline--fa fa-copy fa-w-14 "
                            data-icon="copy"
                            data-prefix="fas"
                            focusable="false"
                            role="img"
                            viewBox="0 0 448 512"
                            xmlns="http://www.w3.org/2000/svg"
                          >
                            <path
                              d="M320 448v40c0 13.255-10.745 24-24 24H24c-13.255 0-24-10.745-24-24V120c0-13.255 10.745-24 24-24h72v296c0 30.879 25.121 56 56 56h168zm0-344V0H152c-13.255 0-24 10.745-24 24v368c0 13.255 10.745 24 24 24h272c13.255 0 24-10.745 24-24V128H344c-13.2 0-24-10.8-24-24zm120.971-31.029L375.029 7.029A24 24 0 0 0 358.059 0H352v96h96v-6.059a24 24 0 0 0-7.029-16.97z"
                              fill="currentColor"
                            />
                          </svg>
                        </a>
                      </div>
                    </label>
                    <span
                      style="color: rgb(243, 100, 51);"
                    >
                      0
                    </span>
                  </li>
                  <li
                    style="position: relative; padding-top: 0.25em; margin-left: 0px; padding-left: 0px;"
                  >
                    <div
                      style="display: inline-block; padding-right: 0.5em; padding-left: 0px; cursor: pointer;"
                    >
                      <div
                        style="margin-left: 0px; transition: 150ms; transform: rotateZ(0deg); transform-origin: 45% 50%; position: relative; line-height: 1.1em; font-size: 0.75em; color: rgb(66, 122, 245);"
                      >
                        ▶
                      </div>
                    </div>
                    <label
                      style="display: inline-block; color: rgb(66, 122, 245); margin: 0px; padding: 0px; cursor: pointer;"
                    >
                      <div>
                        <span>
                          qux
                        </span>
                        : 
                        <a
                          aria-label="copy path"
                          class="copyPath p-0 btn btn-text"
                          href="#"
                          role="button"
                        >
                          <svg
                            aria-hidden="true"
                            class="svg-inline--fa fa-copy fa-w-14 "
                            data-icon="copy"
                            data-prefix="fas"
                            focusable="false"
                            role="img"
                            viewBox="0 0 448 512"
                            xmlns="http://www.w3.org/2000/svg"
                          >
                            <path
                              d="M320 448v40c0 13.255-10.745 24-24 24H24c-13.255 0-24-10.745-24-24V120c0-13.255 10.745-24 24-24h72v296c0 30.879 25.121 56 56 56h168zm0-344V0H152c-13.255 0-24 10.745-24 24v368c0 13.255 10.745 24 24 24h272c13.255 0 24-10.745 24-24V128H344c-13.2 0-24-10.8-24-24zm120.971-31.029L375.029 7.029A24 24 0 0 0 358.059 0H352v96h96v-6.059a24 24 0 0 0-7.029-16.97z"
                              fill="currentColor"
                            />
                          </svg>
                        </a>
                      </div>
                    </label>
                    <span
                      style="padding-left: 0.5em; cursor: default; color: rgb(64, 175, 108);"
                    >
                      <span>
                        <span
                          style="margin-left: 0.3em; margin-right: 0.3em;"
                        >
                          {}
                        </span>
                         2 keys
                      </span>
                    </span>
                    <ul
                      style="padding: 0px; margin: 0px; list-style: none; display: block;"
                    />
                  </li>
                </ul>
              </li>
            </ul>
          </div>
        </div>
      </div>
    </div>
    <button
      type="submit"
    >
      Submit
    </button>
  </form>
</DocumentFragment>
`;
