// Jest Snapshot v1, https://goo.gl/fbAQLP

exports[`FoundationDataPanel it renders with form state and trace data 1`] = `
<DocumentFragment>
  <form
    action="#"
  >
    <div
      class="nav nav-tabs"
      role="tablist"
    >
      <div
        class="tabNav nav-item"
      >
        <a
          aria-selected="false"
          class="nav-link"
          data-rb-event-key="context"
          href="#"
          role="tab"
        >
          Context
        </a>
      </div>
      <div
        class="tabNav nav-item"
      >
        <a
          aria-selected="false"
          class="nav-link"
          data-rb-event-key="rendered"
          href="#"
          role="tab"
        >
          Rendered
        </a>
      </div>
      <div
        class="tabNav nav-item"
      >
        <a
          aria-selected="true"
          class="nav-link active"
          data-rb-event-key="output"
          href="#"
          role="tab"
        >
          Output
        </a>
      </div>
      <div
        class="tabNav nav-item"
      >
        <a
          aria-selected="false"
          class="nav-link"
          data-rb-event-key="preview"
          href="#"
          role="tab"
        >
          Preview
        </a>
      </div>
      <div
        class="tabNav nav-item"
      >
        <a
          aria-selected="false"
          class="nav-link"
          data-rb-event-key="pageState"
          href="#"
          role="tab"
        >
          Page State
        </a>
      </div>
    </div>
    <div
      class="tab-content"
    >
      <div
        aria-hidden="true"
        class="fade tabPane tab-pane"
        role="tabpanel"
      >
        <div
          class="text-muted"
        >
          A foundation is the first step in the execution flow, they do not receive inputs
        </div>
      </div>
      <div
        aria-hidden="true"
        class="fade tabPane tab-pane"
        role="tabpanel"
      >
        <div
          class="text-muted"
        >
          A foundation is the first step in the execution flow, they do not receive inputs
        </div>
      </div>
      <div
        aria-hidden="false"
        class="fade tabPane tab-pane active show"
        role="tabpanel"
      >
        <div
          class="root"
        >
          <div
            class="formGroup form-group row"
          >
            <label
              class="label form-label col-form-label col-lg-auto"
              for="traceSearch"
            >
              Search
            </label>
            <div
              class="col-lg"
            >
              <input
                class="form-control"
                id="traceSearch"
                name="traceSearch"
                placeholder="Search for a property or value"
                value=""
              />
            </div>
          </div>
          <span>
            Output Data 
            <a
              aria-label="copy data"
              class="copyPath p-0 btn btn-text"
              href="#"
              role="button"
            >
              <svg
                aria-hidden="true"
                class="svg-inline--fa fa-code fa-w-20 "
                data-icon="code"
                data-prefix="fas"
                focusable="false"
                role="img"
                viewBox="0 0 640 512"
                xmlns="http://www.w3.org/2000/svg"
              >
                <path
                  d="M278.9 511.5l-61-17.7c-6.4-1.8-10-8.5-8.2-14.9L346.2 8.7c1.8-6.4 8.5-10 14.9-8.2l61 17.7c6.4 1.8 10 8.5 8.2 14.9L293.8 503.3c-1.9 6.4-8.5 10.1-14.9 8.2zm-114-112.2l43.5-46.4c4.6-4.9 4.3-12.7-.8-17.2L117 256l90.6-79.7c5.1-4.5 5.5-12.3.8-17.2l-43.5-46.4c-4.5-4.8-12.1-5.1-17-.5L3.8 247.2c-5.1 4.7-5.1 12.8 0 17.5l144.1 135.1c4.9 4.6 12.5 4.4 17-.5zm327.2.6l144.1-135.1c5.1-4.7 5.1-12.8 0-17.5L492.1 112.1c-4.8-4.5-12.4-4.3-17 .5L431.6 159c-4.6 4.9-4.3 12.7.8 17.2L523 256l-90.6 79.7c-5.1 4.5-5.5 12.3-.8 17.2l43.5 46.4c4.5 4.9 12.1 5.1 17 .6z"
                  fill="currentColor"
                />
              </svg>
            </a>
          </span>
          <ul
            style="border: 0px; padding: 0px; margin: 0.5em 0px 0.5em 0.125em; list-style: none; background-color: rgb(253, 255, 255);"
          >
            <li
              style="padding: 0px; margin: 0px;"
            >
              <ul
                style="padding: 0px; margin: 0px; list-style: none;"
              >
                <li
                  style="position: relative; padding-top: 0.25em; margin-left: 0px; padding-left: 0px;"
                >
                  <div
                    style="display: inline-block; padding-right: 0.5em; padding-left: 0px; cursor: pointer;"
                  >
                    <div
                      style="margin-left: 0px; transition: 150ms; transform: rotateZ(0deg); transform-origin: 45% 50%; position: relative; line-height: 1.1em; font-size: 0.75em; color: rgb(66, 122, 245);"
                    >
                      ▶
                    </div>
                  </div>
                  <label
                    style="display: inline-block; color: rgb(66, 122, 245); margin: 0px; padding: 0px; cursor: pointer;"
                  >
                    <div>
                      <span>
                        @input
                      </span>
                      : 
                      <a
                        aria-label="copy path"
                        class="copyPath p-0 btn btn-text"
                        href="#"
                        role="button"
                      >
                        <svg
                          aria-hidden="true"
                          class="svg-inline--fa fa-copy fa-w-14 "
                          data-icon="copy"
                          data-prefix="fas"
                          focusable="false"
                          role="img"
                          viewBox="0 0 448 512"
                          xmlns="http://www.w3.org/2000/svg"
                        >
                          <path
                            d="M320 448v40c0 13.255-10.745 24-24 24H24c-13.255 0-24-10.745-24-24V120c0-13.255 10.745-24 24-24h72v296c0 30.879 25.121 56 56 56h168zm0-344V0H152c-13.255 0-24 10.745-24 24v368c0 13.255 10.745 24 24 24h272c13.255 0 24-10.745 24-24V128H344c-13.2 0-24-10.8-24-24zm120.971-31.029L375.029 7.029A24 24 0 0 0 358.059 0H352v96h96v-6.059a24 24 0 0 0-7.029-16.97z"
                            fill="currentColor"
                          />
                        </svg>
                      </a>
                    </div>
                  </label>
                  <span
                    style="padding-left: 0.5em; cursor: default; color: rgb(64, 175, 108);"
                  >
                    <span>
                      <span
                        style="margin-left: 0.3em; margin-right: 0.3em;"
                      >
                        {}
                      </span>
                       5 keys
                    </span>
                  </span>
                  <ul
                    style="padding: 0px; margin: 0px; list-style: none; display: block;"
                  />
                </li>
                <li
                  style="position: relative; padding-top: 0.25em; margin-left: 0px; padding-left: 0px;"
                >
                  <div
                    style="display: inline-block; padding-right: 0.5em; padding-left: 0px; cursor: pointer;"
                  >
                    <div
                      style="margin-left: 0px; transition: 150ms; transform: rotateZ(0deg); transform-origin: 45% 50%; position: relative; line-height: 1.1em; font-size: 0.75em; color: rgb(66, 122, 245);"
                    >
                      ▶
                    </div>
                  </div>
                  <label
                    style="display: inline-block; color: rgb(66, 122, 245); margin: 0px; padding: 0px; cursor: pointer;"
                  >
                    <div>
                      <span>
                        @options
                      </span>
                      : 
                      <a
                        aria-label="copy path"
                        class="copyPath p-0 btn btn-text"
                        href="#"
                        role="button"
                      >
                        <svg
                          aria-hidden="true"
                          class="svg-inline--fa fa-copy fa-w-14 "
                          data-icon="copy"
                          data-prefix="fas"
                          focusable="false"
                          role="img"
                          viewBox="0 0 448 512"
                          xmlns="http://www.w3.org/2000/svg"
                        >
                          <path
                            d="M320 448v40c0 13.255-10.745 24-24 24H24c-13.255 0-24-10.745-24-24V120c0-13.255 10.745-24 24-24h72v296c0 30.879 25.121 56 56 56h168zm0-344V0H152c-13.255 0-24 10.745-24 24v368c0 13.255 10.745 24 24 24h272c13.255 0 24-10.745 24-24V128H344c-13.2 0-24-10.8-24-24zm120.971-31.029L375.029 7.029A24 24 0 0 0 358.059 0H352v96h96v-6.059a24 24 0 0 0-7.029-16.97z"
                            fill="currentColor"
                          />
                        </svg>
                      </a>
                    </div>
                  </label>
                  <span
                    style="padding-left: 0.5em; cursor: default; color: rgb(64, 175, 108);"
                  >
                    <span>
                      <span
                        style="margin-left: 0.3em; margin-right: 0.3em;"
                      >
                        {}
                      </span>
                       2 keys
                    </span>
                  </span>
                  <ul
                    style="padding: 0px; margin: 0px; list-style: none; display: block;"
                  />
                </li>
              </ul>
            </li>
          </ul>
        </div>
      </div>
    </div>
    <button
      type="submit"
    >
      Submit
    </button>
  </form>
</DocumentFragment>
`;
