// Jest Snapshot v1, https://goo.gl/fbAQLP

exports[`renders 5 pages 1`] = `
<DocumentFragment>
  <ul
    class="my-0 pagination"
  >
    <li
      class="page-item"
    >
      <a
        class="page-link"
        href="#"
        role="button"
      >
        1
      </a>
    </li>
    <li
      class="page-item active"
    >
      <span
        class="page-link"
      >
        2
        <span
          class="sr-only"
        >
          (current)
        </span>
      </span>
    </li>
    <li
      class="page-item"
    >
      <a
        class="page-link"
        href="#"
        role="button"
      >
        3
      </a>
    </li>
    <li
      class="page-item"
    >
      <a
        class="page-link"
        href="#"
        role="button"
      >
        4
      </a>
    </li>
    <li
      class="page-item"
    >
      <a
        class="page-link"
        href="#"
        role="button"
      >
        5
      </a>
    </li>
  </ul>
</DocumentFragment>
`;

exports[`renders 15 pages with 0 being current 1`] = `
<DocumentFragment>
  <ul
    class="my-0 pagination"
  >
    <li
      class="page-item active"
    >
      <span
        class="page-link"
      >
        1
        <span
          class="sr-only"
        >
          (current)
        </span>
      </span>
    </li>
    <li
      class="page-item"
    >
      <a
        class="page-link"
        href="#"
        role="button"
      >
        2
      </a>
    </li>
    <li
      class="page-item"
    >
      <a
        class="page-link"
        href="#"
        role="button"
      >
        3
      </a>
    </li>
    <li
      class="page-item"
    >
      <a
        class="page-link"
        href="#"
        role="button"
      >
        4
      </a>
    </li>
    <li
      class="page-item"
    >
      <a
        class="page-link"
        href="#"
        role="button"
      >
        5
      </a>
    </li>
    <li
      class="page-item"
    >
      <a
        class="page-link"
        href="#"
        role="button"
      >
        <span
          aria-hidden="true"
        >
          …
        </span>
        <span
          class="sr-only"
        >
          More
        </span>
      </a>
    </li>
    <li
      class="page-item"
    >
      <a
        class="page-link"
        href="#"
        role="button"
      >
        <span
          aria-hidden="true"
        >
          »
        </span>
        <span
          class="sr-only"
        >
          Last
        </span>
      </a>
    </li>
  </ul>
</DocumentFragment>
`;

exports[`renders 15 pages with 1 being current 1`] = `
<DocumentFragment>
  <ul
    class="my-0 pagination"
  >
    <li
      class="page-item"
    >
      <a
        class="page-link"
        href="#"
        role="button"
      >
        1
      </a>
    </li>
    <li
      class="page-item active"
    >
      <span
        class="page-link"
      >
        2
        <span
          class="sr-only"
        >
          (current)
        </span>
      </span>
    </li>
    <li
      class="page-item"
    >
      <a
        class="page-link"
        href="#"
        role="button"
      >
        3
      </a>
    </li>
    <li
      class="page-item"
    >
      <a
        class="page-link"
        href="#"
        role="button"
      >
        4
      </a>
    </li>
    <li
      class="page-item"
    >
      <a
        class="page-link"
        href="#"
        role="button"
      >
        5
      </a>
    </li>
    <li
      class="page-item"
    >
      <a
        class="page-link"
        href="#"
        role="button"
      >
        <span
          aria-hidden="true"
        >
          …
        </span>
        <span
          class="sr-only"
        >
          More
        </span>
      </a>
    </li>
    <li
      class="page-item"
    >
      <a
        class="page-link"
        href="#"
        role="button"
      >
        <span
          aria-hidden="true"
        >
          »
        </span>
        <span
          class="sr-only"
        >
          Last
        </span>
      </a>
    </li>
  </ul>
</DocumentFragment>
`;

exports[`renders 15 pages with 5 being current 1`] = `
<DocumentFragment>
  <ul
    class="my-0 pagination"
  >
    <li
      class="page-item"
    >
      <a
        class="page-link"
        href="#"
        role="button"
      >
        <span
          aria-hidden="true"
        >
          «
        </span>
        <span
          class="sr-only"
        >
          First
        </span>
      </a>
    </li>
    <li
      class="page-item"
    >
      <a
        class="page-link"
        href="#"
        role="button"
      >
        <span
          aria-hidden="true"
        >
          …
        </span>
        <span
          class="sr-only"
        >
          More
        </span>
      </a>
    </li>
    <li
      class="page-item"
    >
      <a
        class="page-link"
        href="#"
        role="button"
      >
        4
      </a>
    </li>
    <li
      class="page-item"
    >
      <a
        class="page-link"
        href="#"
        role="button"
      >
        5
      </a>
    </li>
    <li
      class="page-item active"
    >
      <span
        class="page-link"
      >
        6
        <span
          class="sr-only"
        >
          (current)
        </span>
      </span>
    </li>
    <li
      class="page-item"
    >
      <a
        class="page-link"
        href="#"
        role="button"
      >
        7
      </a>
    </li>
    <li
      class="page-item"
    >
      <a
        class="page-link"
        href="#"
        role="button"
      >
        8
      </a>
    </li>
    <li
      class="page-item"
    >
      <a
        class="page-link"
        href="#"
        role="button"
      >
        <span
          aria-hidden="true"
        >
          …
        </span>
        <span
          class="sr-only"
        >
          More
        </span>
      </a>
    </li>
    <li
      class="page-item"
    >
      <a
        class="page-link"
        href="#"
        role="button"
      >
        <span
          aria-hidden="true"
        >
          »
        </span>
        <span
          class="sr-only"
        >
          Last
        </span>
      </a>
    </li>
  </ul>
</DocumentFragment>
`;

exports[`renders 15 pages with 7 being current 1`] = `
<DocumentFragment>
  <ul
    class="my-0 pagination"
  >
    <li
      class="page-item"
    >
      <a
        class="page-link"
        href="#"
        role="button"
      >
        <span
          aria-hidden="true"
        >
          «
        </span>
        <span
          class="sr-only"
        >
          First
        </span>
      </a>
    </li>
    <li
      class="page-item"
    >
      <a
        class="page-link"
        href="#"
        role="button"
      >
        <span
          aria-hidden="true"
        >
          …
        </span>
        <span
          class="sr-only"
        >
          More
        </span>
      </a>
    </li>
    <li
      class="page-item"
    >
      <a
        class="page-link"
        href="#"
        role="button"
      >
        6
      </a>
    </li>
    <li
      class="page-item"
    >
      <a
        class="page-link"
        href="#"
        role="button"
      >
        7
      </a>
    </li>
    <li
      class="page-item active"
    >
      <span
        class="page-link"
      >
        8
        <span
          class="sr-only"
        >
          (current)
        </span>
      </span>
    </li>
    <li
      class="page-item"
    >
      <a
        class="page-link"
        href="#"
        role="button"
      >
        9
      </a>
    </li>
    <li
      class="page-item"
    >
      <a
        class="page-link"
        href="#"
        role="button"
      >
        10
      </a>
    </li>
    <li
      class="page-item"
    >
      <a
        class="page-link"
        href="#"
        role="button"
      >
        <span
          aria-hidden="true"
        >
          …
        </span>
        <span
          class="sr-only"
        >
          More
        </span>
      </a>
    </li>
    <li
      class="page-item"
    >
      <a
        class="page-link"
        href="#"
        role="button"
      >
        <span
          aria-hidden="true"
        >
          »
        </span>
        <span
          class="sr-only"
        >
          Last
        </span>
      </a>
    </li>
  </ul>
</DocumentFragment>
`;

exports[`renders 15 pages with 10 being current 1`] = `
<DocumentFragment>
  <ul
    class="my-0 pagination"
  >
    <li
      class="page-item"
    >
      <a
        class="page-link"
        href="#"
        role="button"
      >
        <span
          aria-hidden="true"
        >
          «
        </span>
        <span
          class="sr-only"
        >
          First
        </span>
      </a>
    </li>
    <li
      class="page-item"
    >
      <a
        class="page-link"
        href="#"
        role="button"
      >
        <span
          aria-hidden="true"
        >
          …
        </span>
        <span
          class="sr-only"
        >
          More
        </span>
      </a>
    </li>
    <li
      class="page-item"
    >
      <a
        class="page-link"
        href="#"
        role="button"
      >
        9
      </a>
    </li>
    <li
      class="page-item"
    >
      <a
        class="page-link"
        href="#"
        role="button"
      >
        10
      </a>
    </li>
    <li
      class="page-item active"
    >
      <span
        class="page-link"
      >
        11
        <span
          class="sr-only"
        >
          (current)
        </span>
      </span>
    </li>
    <li
      class="page-item"
    >
      <a
        class="page-link"
        href="#"
        role="button"
      >
        12
      </a>
    </li>
    <li
      class="page-item"
    >
      <a
        class="page-link"
        href="#"
        role="button"
      >
        13
      </a>
    </li>
    <li
      class="page-item"
    >
      <a
        class="page-link"
        href="#"
        role="button"
      >
        <span
          aria-hidden="true"
        >
          …
        </span>
        <span
          class="sr-only"
        >
          More
        </span>
      </a>
    </li>
    <li
      class="page-item"
    >
      <a
        class="page-link"
        href="#"
        role="button"
      >
        <span
          aria-hidden="true"
        >
          »
        </span>
        <span
          class="sr-only"
        >
          Last
        </span>
      </a>
    </li>
  </ul>
</DocumentFragment>
`;

exports[`renders 15 pages with 13 being current 1`] = `
<DocumentFragment>
  <ul
    class="my-0 pagination"
  >
    <li
      class="page-item"
    >
      <a
        class="page-link"
        href="#"
        role="button"
      >
        <span
          aria-hidden="true"
        >
          «
        </span>
        <span
          class="sr-only"
        >
          First
        </span>
      </a>
    </li>
    <li
      class="page-item"
    >
      <a
        class="page-link"
        href="#"
        role="button"
      >
        <span
          aria-hidden="true"
        >
          …
        </span>
        <span
          class="sr-only"
        >
          More
        </span>
      </a>
    </li>
    <li
      class="page-item"
    >
      <a
        class="page-link"
        href="#"
        role="button"
      >
        10
      </a>
    </li>
    <li
      class="page-item"
    >
      <a
        class="page-link"
        href="#"
        role="button"
      >
        11
      </a>
    </li>
    <li
      class="page-item"
    >
      <a
        class="page-link"
        href="#"
        role="button"
      >
        12
      </a>
    </li>
    <li
      class="page-item"
    >
      <a
        class="page-link"
        href="#"
        role="button"
      >
        13
      </a>
    </li>
    <li
      class="page-item active"
    >
      <span
        class="page-link"
      >
        14
        <span
          class="sr-only"
        >
          (current)
        </span>
      </span>
    </li>
  </ul>
</DocumentFragment>
`;

exports[`renders 15 pages with 14 being current 1`] = `
<DocumentFragment>
  <ul
    class="my-0 pagination"
  >
    <li
      class="page-item"
    >
      <a
        class="page-link"
        href="#"
        role="button"
      >
        <span
          aria-hidden="true"
        >
          «
        </span>
        <span
          class="sr-only"
        >
          First
        </span>
      </a>
    </li>
    <li
      class="page-item"
    >
      <a
        class="page-link"
        href="#"
        role="button"
      >
        <span
          aria-hidden="true"
        >
          …
        </span>
        <span
          class="sr-only"
        >
          More
        </span>
      </a>
    </li>
    <li
      class="page-item"
    >
      <a
        class="page-link"
        href="#"
        role="button"
      >
        10
      </a>
    </li>
    <li
      class="page-item"
    >
      <a
        class="page-link"
        href="#"
        role="button"
      >
        11
      </a>
    </li>
    <li
      class="page-item"
    >
      <a
        class="page-link"
        href="#"
        role="button"
      >
        12
      </a>
    </li>
    <li
      class="page-item"
    >
      <a
        class="page-link"
        href="#"
        role="button"
      >
        13
      </a>
    </li>
    <li
      class="page-item"
    >
      <a
        class="page-link"
        href="#"
        role="button"
      >
        14
      </a>
    </li>
  </ul>
</DocumentFragment>
`;
